// Jest Snapshot v1, https://goo.gl/fbAQLP

exports[`matches snapshot 1`] = `
<form
  className="NewListItemPrompt"
  onSubmit={[Function]}
>
  <input
    className="NewListItemPrompt__input"
    onChange={[Function]}
    placeholder="...New item"
    type="text"
    value=""
  />
  <button
    className="NewListItemPrompt__submit disabled"
    disabled={true}
    type="submit"
  >
    Submit
  </button>
</form>
`;
